# yore — zsh shell integration (coexist mode).
# Emitted by `yore init zsh`; load with:  eval "$(yore init zsh)"
# Sourcing repeatedly is safe and produces no output during normal operation.

# Idempotence: initialize at most once per shell.
[[ -n ${__YORE_INITED-} ]] && return
typeset -g __YORE_INITED=1

zmodload zsh/datetime   # provides $EPOCHREALTIME
autoload -Uz add-zsh-hook

# One stable session id per shell. Exported so it survives `exec` and subshells;
# only generated when unset so a re-exec'd shell keeps the same id.
if [[ -z ${YORE_SESSION-} ]]; then
	export YORE_SESSION="$(command yore gen-id 2>/dev/null)"
fi

# Two-phase capture state. Globals, __yore-prefixed; nothing else touches them.
typeset -g __yore_cmd=
typeset -g __yore_start=

# preexec runs immediately before the command executes. It performs ZERO
# process spawns: it only records the command text and a start timestamp.
_yore_preexec() {
	__yore_cmd=$1
	__yore_start=$EPOCHREALTIME
}

# precmd runs after the command finishes, before the next prompt is drawn.
_yore_precmd() {
	local exit=$?   # the user's exit status — must be captured first
	if [[ -n ${__yore_cmd-} ]]; then
		integer dur
		(( dur = (EPOCHREALTIME - __yore_start) * 1000 ))   # float secs -> int ms
		# Command text goes in on stdin (printf), never argv: immune to quoting
		# quirks and E2BIG. Fully backgrounded and disowned so the prompt never
		# waits and no job-control notice ever prints.
		printf '%s' "$__yore_cmd" | command yore record \
			--exit "$exit" --duration-ms "$dur" \
			--session "$YORE_SESSION" --cwd "$PWD" &>/dev/null &!
		__yore_cmd=
		__yore_start=
	fi
	return $exit   # leave $? untouched for any of the user's own precmds
}

add-zsh-hook preexec _yore_preexec
add-zsh-hook precmd _yore_precmd

# Whether accepting a Ctrl-R result should run it immediately (Atuin parity).
# Default: run the picked command on Enter; opt out with
# `yore set-config enter_executes false` to insert it for review instead. Asked
# of yore at call time — NOT cached at source time — so the setting takes effect
# without re-sourcing. Fails open to the default (run) if yore is unavailable.
_yore_enter_executes() {
	[[ "$(command yore get-config enter_executes 2>/dev/null)" != false ]]
}

# Interactive search widget. The TUI draws on /dev/tty, so this command
# substitution captures only the final selection printed to stdout. A missing
# binary or a cancelled search (non-zero exit) leaves the buffer untouched.
# With enter_executes on, a successful selection runs immediately via
# accept-line instead of being left on the line for review.
_yore_search_widget() {
	local selected
	selected=$(command yore search --query "$BUFFER" 2>/dev/null)
	if (( $? == 0 )) && [[ -n $selected ]]; then
		BUFFER=$selected
		CURSOR=$#BUFFER
		if _yore_enter_executes; then
			zle accept-line
			return
		fi
	fi
	zle reset-prompt
}
# Coexist mode: bind Up to search only if the user opts in (bind_up_arrow).
_yore_bind_up_arrow() {
	[[ "$(command yore get-config bind_up_arrow 2>/dev/null)" == true ]]
}
if [[ -o interactive ]]; then
	zle -N _yore_search_widget
	bindkey '^r' _yore_search_widget
	if _yore_bind_up_arrow; then
		bindkey '^[[A' _yore_search_widget
		bindkey '^[OA' _yore_search_widget
	fi
fi
